The command has indeed failed with message:
In environment
SI : sidx
PROP : bi
m : gmap nat nat
The term "m" has type "gmap nat nat" while it is expected to have type
 "gmap nat Z"
(cannot unify "nat" and "Z").
"big_sepL_simpl"
     : string
1 goal
  
  SI : sidx
  PROP : bi
  A : Type
  Φ : A → PROP
  ============================
  ⊢ emp
The command has indeed failed with message:
In environment:
SI : sidx
PROP : bi
P : PROP
Could not find an instance for the following existential variables:
?p : Persistent (|==> P)
"match_def_unfold_fail"
     : string
The command has indeed failed with message:
Cannot infer this placeholder of type "Persistent (match_foo b)" (no type
class instance found) in environment:
SI : sidx
PROP : bi
b : bool
